
> frontend@0.1.0 build
> craco build

Creating an optimized production build...
node.exe : 
At C:\Program 
Files\nodejs\npm.ps1:29 char:3
+   & $NODE_EXE $NPM_CLI_JS 
$args
+   
~~~~~~~~~~~~~~~~~~~~~~~~~~~~~
    + CategoryInfo          :  
   NotSpecified: (:String) []  
  , RemoteException
    + FullyQualifiedErrorId :  
   NativeCommandError
 
[1m[33mwarn[39m[22m - The 
class `duration-[20000ms]` is 
ambiguous and matches multiple 
utilities.
[1m[33mwarn[39m[22m - If 
this is content and not a 
class, replace it with 
`duration-&lsqb;20000ms&rsqb;` 
to silence this warning.

[1m[33mwarn[39m[22m - The 
class `duration-[25000ms]` is 
ambiguous and matches multiple 
utilities.
[1m[33mwarn[39m[22m - If 
this is content and not a 
class, replace it with 
`duration-&lsqb;25000ms&rsqb;` 
to silence this warning.
Failed to compile.

[eslint] 
src\components\Navigation.js
Syntax error: Missing semicolon. (19:40) (19:40)


