Creating an optimized production build...
Failed to compile.

Module not found: Error: Can't resolve '@/App' in 'C:\Users\mohit\OneDrive\Desktop\Project_im\Immersive-main\frontend\src'


